HI-TECH Software C Compiler 

Linker command line:

--edf=C:\Program Files\HI-TECH Software\PICC\9.83\dat\en_msgs.txt -cs \
  -h+Real Time Clock.sym -z -Q16F877A -ol.obj -MReal Time Clock.map -E1 \
  -ACONST=00h-0FFhx32 -ACODE=00h-07FFhx4 -ASTRCODE=00h-01FFFh \
  -AENTRY=00h-0FFhx32 -ASTRING=00h-0FFhx32 -ABANK0=020h-06Fh \
  -ABANK1=0A0h-0EFh -ABANK2=0110h-016Fh -ABANK3=0190h-01EFh \
  -ARAM=020h-06Fh,0A0h-0EFh,0110h-016Fh,0190h-01EFh \
  -AABS1=020h-07Fh,0A0h-0EFh,0110h-016Fh,0190h-01EFh -ACOMMON=070h-07Fh \
  -ASFR0=00h-01Fh -ASFR1=080h-09Fh -ASFR2=0100h-010Fh -ASFR3=0180h-018Fh \
  -preset_vec=00h,intentry=04h,init,end_init -ppowerup=CODE -pfunctab=CODE \
  -ACONFIG=02007h-02007h -pconfig=CONFIG -DCONFIG=2 -AIDLOC=02000h-02003h \
  -pidloc=IDLOC -DIDLOC=2 -AEEDATA=00h-0FFh/02100h -peeprom_data=EEDATA \
  -DEEDATA=2 -DCODE=2 -DSTRCODE=2 -DSTRING=2 -DCONST=2 -DENTRY=2 -k \
  startup.obj Real Time Clock.obj 

Object code version is 3.10

Machine type is 16F877A



                Name                               Link     Load   Length Selector   Space Scale
startup.obj     end_init                             12       12        3        8       0
                reset_vec                             0        0        3        0       0
Real Time Clock.obj
                intentry                              4        4        E        8       0
                text223                              8F       8F       53        8       0
                text222                             136      136       1D        8       0
                text221                              E2       E2       2F        8       0
                text220                              15       15       7A        8       0
                maintext                            111      111       25        8       0
                cstackBANK0                          27       27        3       20       1
                cstackCOMMON                         75       75        5       70       1
                bssBANK0                             20       20        7       20       1
                bssCOMMON                            70       70        5       70       1
                bitbssCOMMON                        3D0       7A        4       70       1     8
                cinit                               153      153       11        8       0
                strings                             164      164       10      2C8       0

TOTAL           Name                               Link     Load   Length     Space
        CLASS   CONST          

        CLASS   CODE           
                end_init                             12       12        3         0
                intentry                              4        4        E         0
                reset_vec                             0        0        3         0
                text223                              8F       8F       53         0
                text222                             136      136       1D         0
                text221                              E2       E2       2F         0
                text220                              15       15       7A         0
                maintext                            111      111       25         0
                cinit                               153      153       11         0

        CLASS   STRCODE        

        CLASS   ENTRY          

        CLASS   STRING         
                strings                             164      164       10         0

        CLASS   BANK0          
                cstackBANK0                          27       27        3         1
                bssBANK0                             20       20        7         1

        CLASS   BANK1          

        CLASS   BANK2          

        CLASS   BANK3          

        CLASS   RAM            

        CLASS   ABS1           
                abs_s1                               7E       7E        2         1

        CLASS   COMMON         
                cstackCOMMON                         75       75        5         1
                bssCOMMON                            70       70        5         1
                bitbssCOMMON                        3D0       7A        4         1

        CLASS   SFR0           

        CLASS   SFR1           

        CLASS   SFR2           

        CLASS   SFR3           

        CLASS   CONFIG         

        CLASS   IDLOC          

        CLASS   EEDATA         



SEGMENTS        Name                           Load    Length   Top    Selector   Space  Class     Delta

                reset_vec                      000000  000003  000003         0       0  CODE        2
                intentry                       000004  000160  000164         8       0  CODE        2
                bssBANK0                       000020  00000A  00002A        20       1  BANK0       1
                bssCOMMON                      000070  00000B  00007B        70       1  COMMON      1
                strings                        000164  000010  000174       2C8       0  STRING      2


UNUSED ADDRESS RANGES

        Name                Unused          Largest block    Delta
        BANK0            02A-06F            46           1
        BANK1            0A0-0EF            50           1
        BANK2            110-16F            60           1
        BANK3            190-1EF            60           1
        CODE             003-003             1           2
                         174-1FFF           800
        COMMON           07B-07D             3           1
        CONFIG           2007-2007             1           2
        CONST            003-003             1           2
                         174-1FFF           100
        EEDATA           2100-21FF           100           2
        ENTRY            003-003             1           2
                         174-1FFF           100
        IDLOC            2000-2003             4           2
        RAM              02A-06F            46           1
                         0A0-0EF            50
                         110-16F            60
                         190-1EF            60
        SFR0             000-01F            20           1
        SFR1             080-09F            20           1
        SFR2             100-10F            10           1
        SFR3             180-18F            10           1
        STRCODE          003-003             1           2
                         174-1FFF          1E8C
        STRING           003-003             1           2
                         174-1FFF           100

                                  Symbol Table

??_ISR                    cstackCOMMON 075
??_Initializations        cstackBANK0  027
??_UpdateData             cstackBANK0  027
??_dispdata               cstackBANK0  027
??_main                   cstackBANK0  02A
?_ISR                     cstackCOMMON 075
?_Initializations         cstackCOMMON 075
?_UpdateData              cstackCOMMON 075
?_dispdata                cstackCOMMON 075
?_main                    cstackCOMMON 075
UpdateData@i              cstackBANK0  029
UpdateData@rec_data       cstackBANK0  028
_ACCESSDISP               bitbssCOMMON 3D0
_CARRY                    (abs)        018
_CCP1CON                  (abs)        017
_CCP1IE                   (abs)        462
_CCP1IF                   (abs)        062
_CCPR1H                   (abs)        016
_CCPR1L                   (abs)        015
_EEADR                    (abs)        10D
_EECON1                   (abs)        18C
_EECON2                   (abs)        18D
_EEDATA                   (abs)        10C
_GIE                      (abs)        05F
_ISR                      text223      08F
_Initializations          text222      136
_LCD_BLINK                bitbssCOMMON 3D1
_MODIFYDATA               bitbssCOMMON 3D2
_PEIE                     (abs)        05E
_PORTB                    (abs)        006
_PORTD                    (abs)        008
_RB4                      (abs)        034
_RC0                      (abs)        038
_RD                       (abs)        C60
_RE0                      (abs)        048
_T1CON                    (abs)        010
_TMR1H                    (abs)        00F
_TMR1L                    (abs)        00E
_TMR1ON                   (abs)        080
_TRISB                    (abs)        086
_TRISC0                   (abs)        438
_TRISD                    (abs)        088
_TRISE0                   (abs)        448
_UPDATEDATA               bitbssCOMMON 3D3
_UpdateData               text221      0E2
_WR                       (abs)        C61
_WREN                     (abs)        C62
__Habs1                   abs1         000
__Hbank0                  bank0        000
__Hbank1                  bank1        000
__Hbank2                  bank2        000
__Hbank3                  bank3        000
__HbitbssCOMMON           bitbssCOMMON 000
__HbssBANK0               bssBANK0     000
__HbssCOMMON              bssCOMMON    000
__Hcinit                  cinit        000
__Hclrtext                clrtext      000
__Hcode                   code         000
__Hcommon                 common       000
__Hconfig                 config       000
__HcstackBANK0            cstackBANK0  000
__HcstackCOMMON           cstackCOMMON 000
__Heeprom_data            eeprom_data  000
__Hend_init               end_init     015
__Hfunctab                functab      000
__Hidloc                  idloc        000
__Hinit                   init         012
__Hintentry               intentry     012
__Hmaintext               maintext     000
__Hpowerup                powerup      000
__Hram                    ram          000
__Hreset_vec              reset_vec    003
__Hsfr0                   sfr0         000
__Hsfr1                   sfr1         000
__Hsfr2                   sfr2         000
__Hsfr3                   sfr3         000
__Hstrings                strings      000
__Htext                   text         000
__Labs1                   abs1         000
__Lbank0                  bank0        000
__Lbank1                  bank1        000
__Lbank2                  bank2        000
__Lbank3                  bank3        000
__LbitbssCOMMON           bitbssCOMMON 000
__LbssBANK0               bssBANK0     000
__LbssCOMMON              bssCOMMON    000
__Lcinit                  cinit        000
__Lclrtext                clrtext      000
__Lcode                   code         000
__Lcommon                 common       000
__Lconfig                 config       000
__LcstackBANK0            cstackBANK0  000
__LcstackCOMMON           cstackCOMMON 000
__Leeprom_data            eeprom_data  000
__Lend_init               end_init     012
__Lfunctab                functab      000
__Lidloc                  idloc        000
__Linit                   init         012
__Lintentry               intentry     004
__Lmaintext               maintext     000
__Lpowerup                powerup      000
__Lram                    ram          000
__Lreset_vec              reset_vec    000
__Lsfr0                   sfr0         000
__Lsfr1                   sfr1         000
__Lsfr2                   sfr2         000
__Lsfr3                   sfr3         000
__Lstrings                strings      000
__Ltext                   text         000
__S0                      (abs)        174
__S1                      (abs)        07B
__S2                      (abs)        000
__end_of_ISR              text223      0E2
__end_of_Initializations  text222      153
__end_of_UpdateData       text221      111
__end_of_dispdata         text220      08F
__end_of_main             maintext     136
__pbitbssCOMMON           bitbssCOMMON 3D0
__pbssBANK0               bssBANK0     020
__pbssCOMMON              bssCOMMON    070
__pcstackBANK0            cstackBANK0  027
__pcstackCOMMON           cstackCOMMON 075
__pintentry               intentry     004
__pmaintext               maintext     111
__pstrings                strings      164
__ptext220                text220      015
__ptext221                text221      0E2
__ptext222                text222      136
__ptext223                text223      08F
__ptext224                text224      000
__size_of_ISR             (abs)        000
__size_of_Initializations (abs)        000
__size_of_UpdateData      (abs)        000
__size_of_dispdata        (abs)        000
__size_of_main            (abs)        000
_arr                      strings      16A
_data2segdisp             bssBANK0     020
_dispdata                 text220      015
_display_toggle           bssCOMMON    070
_exit                     init         012
_exit_modification_time   bssCOMMON    071
_main                     maintext     111
_option                   bssCOMMON    072
_option_select_time       bssBANK0     024
_second                   bssBANK0     025
_switch_press_time        bssCOMMON    073
_timecounter              bssCOMMON    074
btemp                     (abs)        07E
dispdata@i                cstackBANK0  028
end_of_initialization     cinit        160
interrupt_function        intentry     004
intlevel0                 functab      000
intlevel1                 functab      000
intlevel2                 functab      000
intlevel3                 functab      000
intlevel4                 functab      000
intlevel5                 functab      000
reset_vec                 reset_vec    000
saved_w                   (abs)        07E
start                     init         012
start_initialization      cinit        153
wtemp0                    (abs)        07E
